
> frontend@0.1.0 test
> react-scripts test --coverage --watchAll=false

----------------------------|---------|----------|---------|---------|----------------------------------------------------------------------------------------------------------------
File                        | % Stmts | % Branch | % Funcs | % Lines | Uncovered Line #s                                                                                              
----------------------------|---------|----------|---------|---------|----------------------------------------------------------------------------------------------------------------
All files                   |    8.51 |      6.8 |    9.09 |    8.46 |                                                                                                                
 src                        |   36.14 |    14.58 |   31.25 |   36.14 |                                                                                                                
  App.tsx                   |   45.45 |     15.9 |   35.71 |   45.45 | 51-58,62-69,80,94-97,102,106-108,112,116-125,129-187,200-202                                                   
  firebase.ts               |       0 |      100 |     100 |       0 | 13-36                                                                                                          
  index.tsx                 |       0 |      100 |     100 |       0 | 8-22                                                                                                           
  reportWebVitals.ts        |       0 |        0 |       0 |       0 | 3-10                                                                                                           
 src/components             |    5.32 |     7.65 |    4.02 |    5.51 |                                                                                                                
  AccessibilityOverlays.tsx |       0 |        0 |       0 |       0 | 4-22                                                                                                           
  AccessibilitySettings.tsx |       0 |        0 |       0 |       0 | 16-155                                                                                                         
  ChatUI.tsx                |      37 |    39.64 |   36.36 |   39.13 | 88-119,125,137-141,146-160,165-179,184-198,203-241,265-268,289-309,315-317,321-345,366,401-412,468-523,576-594 
  Collaboration.tsx         |       0 |        0 |       0 |       0 | 34-318                                                                                                         
  ErrorFallback.tsx         |       0 |        0 |       0 |       0 | 18-29                                                                                                          
  Evaluation.tsx            |       0 |        0 |       0 |       0 | 18-301                                                                                                         
  Exercises.tsx             |       0 |        0 |       0 |       0 | 21-359                                                                                                         
  ExercisesContent.tsx      |       0 |        0 |       0 |       0 | 14-163                                                                                                         
  ExercisesFeedback.tsx     |       0 |        0 |       0 |       0 | 9-12                                                                                                           
  ExercisesTTSButton.tsx    |       0 |        0 |       0 |       0 | 8-19                                                                                                           
  FriendList.tsx            |       0 |        0 |       0 |       0 | 21-113                                                                                                         
  FriendRequests.tsx        |       0 |        0 |       0 |       0 | 17-104                                                                                                         
  FriendSearch.tsx          |       0 |        0 |       0 |       0 | 17-109                                                                                                         
  GroupChatCreate.tsx       |       0 |        0 |       0 |       0 | 18-259                                                                                                         
  GroupChatSettings.tsx     |    1.11 |        0 |       0 |    1.19 | 42-276                                                                                                         
  GroupMembers.tsx          |       0 |        0 |       0 |       0 | 31-166                                                                                                         
  Home.tsx                  |       0 |        0 |       0 |       0 | 17-62                                                                                                          
  LanguageSwitcher.tsx      |       0 |        0 |       0 |       0 | 16-41                                                                                                          
  Learning.tsx              |       0 |        0 |       0 |       0 | 27-633                                                                                                         
  LessonSelection.tsx       |       0 |        0 |       0 |       0 | 14-61                                                                                                          
  Login.tsx                 |       0 |        0 |       0 |       0 | 14-114                                                                                                         
  Navigation.tsx            |       0 |        0 |       0 |       0 | 19-100                                                                                                         
  ProfileMenu.tsx           |       0 |        0 |       0 |       0 | 7-130                                                                                                          
  Settings.tsx              |       0 |        0 |       0 |       0 | 25-150                                                                                                         
  Signup.tsx                |       0 |        0 |       0 |       0 | 14-148                                                                                                         
  UnifiedSettings.tsx       |       0 |        0 |       0 |       0 | 28-593                                                                                                         
 src/contexts               |   98.76 |      100 |   96.42 |   98.61 |                                                                                                                
  AccessibilityContext.tsx  |   98.76 |      100 |   96.42 |   98.61 | 134                                                                                                            
 src/data                   |       0 |      100 |     100 |       0 |                                                                                                                
  exercisesData.ts          |       0 |      100 |     100 |       0 | 3                                                                                                              
 src/i18n                   |       0 |      100 |     100 |       0 |                                                                                                                
  i18n.ts                   |       0 |      100 |     100 |       0 | 10                                                                                                             
 src/services               |    0.37 |        0 |    1.16 |    0.38 |                                                                                                                
  blockService.ts           |       0 |        0 |       0 |       0 | 27-75                                                                                                          
  chatService.ts            |       0 |        0 |       0 |       0 | 73-828                                                                                                         
  evaluationService.ts      |       0 |        0 |       0 |       0 | 8-60                                                                                                           
  friendService.ts          |       0 |        0 |       0 |       0 | 49-434                                                                                                         
  lessonService.ts          |       0 |        0 |       0 |       0 | 30-156                                                                                                         
  preferencesService.ts     |       0 |        0 |       0 |       0 | 34-154                                                                                                         
  presenceService.ts        |    6.25 |        0 |      10 |    6.66 | 14-29,56-112                                                                                                   
  userService.ts            |       0 |        0 |       0 |       0 | 24-210                                                                                                         
 src/types                  |     100 |      100 |     100 |     100 |                                                                                                                
  ExerciseTypes.ts          |       0 |        0 |       0 |       0 |                                                                                                                
  accessibility.ts          |     100 |      100 |     100 |     100 |                                                                                                                
 src/utils                  |    4.28 |        0 |       0 |    4.61 |                                                                                                                
  accessibilityStorage.ts   |   21.42 |        0 |       0 |   21.42 | 15-18,26-45                                                                                                    
  activityTracker.ts        |       0 |        0 |       0 |       0 | 6-39                                                                                                           
  languageManager.ts        |       0 |        0 |       0 |       0 | 7-76                                                                                                           
  timeUtils.ts              |       0 |        0 |       0 |       0 | 7-23                                                                                                           
----------------------------|---------|----------|---------|---------|----------------------------------------------------------------------------------------------------------------
